Microsoft (R) Macro Assembler (x64) Version 14.33.31629.0   10/29/23 15:15:18
LP_asm.asm						     Page 1 - 1


				.586P														
LP_asm.asm(1) : error A2008:syntax error : .
				.MODEL FLAT, STDCALL
LP_asm.asm(2) : error A2008:syntax error : .
				includelib kernel32.lib

				ExitProcess PROTO : DWORD
				MessageBoxA : DWORD, : DWORD, : DWORD, : DWORD
LP_asm.asm(6) : error A2034:must be in segment block

				.STACK 4096
LP_asm.asm(8) : error A2008:syntax error : .

 00000000			.CONST

 00000000			.DATA
 = 00000000			MB_OK	EQU 0
 00000000 CC EE FF 20 EF	STR1	DB "Моя первая программа", 0
	   E5 F0 E2 E0 FF
	   20 EF F0 EE E3
	   F0 E0 EC EC E0
	   00
 00000015 CC EE FF 20 EF	STR2	DB "Моя первая программа", 0
	   E5 F0 E2 E0 FF
	   20 EF F0 EE E3
	   F0 E0 EC EC E0
	   00
 0000002A 00000000		HM		DD ?

 00000000			.CODE

 00000000			main PROC
 00000000			START : 
 00000000  6A 00				PUSH	MB_OK
						PUSH	OFFSET STR1
LP_asm.asm(23) : error A2070:invalid instruction operands
						PUSH	OFFSET STR2
LP_asm.asm(24) : error A2070:invalid instruction operands
						PUSH	HW
LP_asm.asm(25) : error A2006:undefined symbol : HW
						CALL MessageBoxA
LP_asm.asm(26) : error A2006:undefined symbol : MessageBoxA

 00000002  6A FF			push -1
 00000004  E8 00000000 E		call ExitProcess
 00000009			main ENDP

				end main
LP_asm.asm(32) : error A2008:syntax error : main
LP_asm.asm(32) : error A2088:END directive required at end of file
Microsoft (R) Macro Assembler (x64) Version 14.33.31629.0   10/29/23 15:15:18
LP_asm.asm						     Symbols 2 - 1




Segments:

                N a m e                  Length   Align   Class

CONST  . . . . . . . . . . . . .	 00000000 16	  'CONST'	 ReadOnly


Procedures, parameters, and locals:

                N a m e                 Type     Value    Attr

ExitProcess  . . . . . . . . . .	P 	 00000000 Length= 00000000 External
main . . . . . . . . . . . . . .	P 	 00000000 _TEXT	Length= 0000001E Public
  START  . . . . . . . . . . . .	L 	 00000000 _TEXT	


Symbols:

                N a m e                 Type     Value    Attr

HM . . . . . . . . . . . . . . .	DWord	 0000002A _DATA	
MB_OK  . . . . . . . . . . . . .	Number	 00000000h   
STR1 . . . . . . . . . . . . . .	Byte	 00000000 _DATA	
STR2 . . . . . . . . . . . . . .	Byte	 00000015 _DATA	

	   0 Warnings
	   10 Errors
